---
source: adx/src/main.rs
info:
  program: adx
  args:
    - appcompat
---
success: true
exit_code: 0
----- stdout -----
androidx.appcompat:appcompat:1.4.0-alpha03
androidx.appcompat:appcompat-resources:1.4.0-alpha03

----- stderr -----
